// Jest Snapshot v1, https://goo.gl/fbAQLP

exports[`Header Snapshot Comprobar la UI del componente Header 1`] = `
<header
  className="header"
>
  <div
    className="header__logo"
  >
    <img
      alt=""
      src={Object {}}
    />
  </div>
  <div
    className="header__user"
  >
    <img
      alt=""
      src={Object {}}
    />
    <p>
      Username
    </p>
  </div>
</header>
`;
